src/app/player/[campaignId]/character-creator/page.tsx(367,17): error TS1117: An object literal cannot have multiple properties with the same name.
